// Jest Snapshot v1, https://goo.gl/fbAQLP

exports[`Footer should render properly 1`] = `
<DocumentFragment>
  <footer
    class="govuk-footer"
    role="contentinfo"
  >
    <div
      class="govuk-width-container"
    >
      <div
        class="govuk-footer__meta"
      >
        <div
          class="govuk-footer__meta-item govuk-footer__meta-item--grow"
        >
          <h2
            class="govuk-visually-hidden"
          >
            Support links
          </h2>
          MockIcon
          <span
            class="govuk-footer__licence-description"
          >
            All content is available under the 
            <a
              class="govuk-footer__link"
              href="https://www.nationalarchives.gov.uk/doc/open-government-licence/version/3/"
              rel="license"
            >
              Open Government Licence v3.0
            </a>
            , except where otherwise stated
          </span>
        </div>
      </div>
    </div>
  </footer>
</DocumentFragment>
`;
