// Jest Snapshot v1, https://goo.gl/fbAQLP

exports[`AddAllocatedWorker should render properly 1`] = `
<DocumentFragment>
  <form
    role="form"
  >
    <div
      aria-expanded="true"
      aria-haspopup="listbox"
      aria-labelledby="downshift-0-label"
      aria-owns="downshift-0-menu"
      class="govuk-form-group govuk-grid-column-undefined"
      role="combobox"
    >
      <label
        class="govuk-label govuk-label--m"
        for="teamId"
        id="govuk-label govuk-label--m"
      >
        Select a team to view workers for that team 
      </label>
      <div
        class="inputContainer"
      >
        <input
          aria-autocomplete="list"
          aria-controls="downshift-0-menu"
          aria-labelledby="teamId"
          autocomplete="off"
          class="govuk-input govuk-input--width-20"
          data-testid="teamId"
          id="teamId"
          placeholder="Select or type team name"
          value="Team 3"
        />
        <span
          class="clear"
          role="button"
        >
          <svg
            class="clear-icon"
            height="329pt"
            viewBox="0 0 329.26933 329"
            width="329pt"
            xmlns="http://www.w3.org/2000/svg"
          >
            <path
              d="m194.800781 164.769531 128.210938-128.214843c8.34375-8.339844 8.34375-21.824219 0-30.164063-8.339844-8.339844-21.824219-8.339844-30.164063 0l-128.214844 128.214844-128.210937-128.214844c-8.34375-8.339844-21.824219-8.339844-30.164063 0-8.34375 8.339844-8.34375 21.824219 0 30.164063l128.210938 128.214843-128.210938 128.214844c-8.34375 8.339844-8.34375 21.824219 0 30.164063 4.15625 4.160156 9.621094 6.25 15.082032 6.25 5.460937 0 10.921875-2.089844 15.082031-6.25l128.210937-128.214844 128.214844 128.214844c4.160156 4.160156 9.621094 6.25 15.082032 6.25 5.460937 0 10.921874-2.089844 15.082031-6.25 8.34375-8.339844 8.34375-21.824219 0-30.164063zm0 0"
              fill="#000"
            />
          </svg>
        </span>
      </div>
      <ul
        aria-labelledby="downshift-0-label"
        class="suggestionList"
        id="downshift-0-menu"
        role="listbox"
        style="border-bottom: 1px solid #aaa;"
      >
        <li
          aria-selected="false"
          class="suggestion"
          data-testid="teamId_0"
          id="downshift-0-item-0"
          role="option"
          style="color: rgb(0, 0, 0); background-color: rgb(255, 255, 255);"
        >
          Team 3
        </li>
      </ul>
    </div>
    <h2>
       workers
    </h2>
    <p
      class="govuk-body"
    >
      Select a worker to allocate a case to them. You can view more about a workerâ€™s current allocated cases by selecting their name.
    </p>
    <table
      class="govuk-table"
    >
      <thead
        class="govuk-table__head"
      >
        <tr
          class="govuk-table__row"
        >
          <th
            class="govuk-table__header"
            scope="col"
            style="width: 4rem;"
          >
            Select
          </th>
          <th
            class="govuk-table__header"
            scope="col"
          >
            Name
          </th>
          <th
            class="govuk-table__header govuk-table__header--numeric"
            scope="col"
          >
            Total Cases
          </th>
        </tr>
      </thead>
      <tbody
        class="govuk-table__body"
      >
        <tr
          class="govuk-table__row govuk-radios"
        >
          <td
            class="govuk-table__cell"
          >
            <div
              class="govuk-radios__item"
            >
              <input
                aria-labelledby="worker_9"
                class="govuk-radios__input"
                name="workerId"
                type="radio"
                value="9"
              />
              <label
                class="govuk-label govuk-radios__label"
              />
            </div>
          </td>
          <td
            class="govuk-table__cell lbh-table__cell--va-middle"
          >
            <a
              class="govuk-link"
              href="/workers/9"
              id="worker_9"
            >
              Worker A
            </a>
          </td>
          <td
            class="govuk-table__cell govuk-table__cell--numeric"
          >
            3
          </td>
        </tr>
        <tr
          class="govuk-table__row govuk-radios"
        >
          <td
            class="govuk-table__cell"
          >
            <div
              class="govuk-radios__item"
            >
              <input
                aria-labelledby="worker_8"
                class="govuk-radios__input"
                name="workerId"
                type="radio"
                value="8"
              />
              <label
                class="govuk-label govuk-radios__label"
              />
            </div>
          </td>
          <td
            class="govuk-table__cell lbh-table__cell--va-middle"
          >
            <a
              class="govuk-link"
              href="/workers/8"
              id="worker_8"
            >
              Worker B
            </a>
          </td>
          <td
            class="govuk-table__cell govuk-table__cell--numeric"
          >
            0
          </td>
        </tr>
        <tr
          class="govuk-table__row govuk-radios"
        >
          <td
            class="govuk-table__cell"
          >
            <div
              class="govuk-radios__item"
            >
              <input
                aria-labelledby="worker_7"
                class="govuk-radios__input"
                name="workerId"
                type="radio"
                value="7"
              />
              <label
                class="govuk-label govuk-radios__label"
              />
            </div>
          </td>
          <td
            class="govuk-table__cell lbh-table__cell--va-middle"
          >
            <a
              class="govuk-link"
              href="/workers/7"
              id="worker_7"
            >
              Worker C
            </a>
          </td>
          <td
            class="govuk-table__cell govuk-table__cell--numeric"
          >
            1
          </td>
        </tr>
      </tbody>
    </table>
    <div
      class="govuk-form-group"
    >
      <fieldset
        aria-describedby="allocationStartDate-hint"
        class="govuk-fieldset"
        role="group"
      >
        <legend
          class="govuk-fieldset__legend govuk-fieldset__legend--s"
        >
          Allocation Start Date: 
        </legend>
        <span
          class="govuk-hint"
          id="allocationStartDate-hint"
        />
        <div
          class="govuk-date-input"
          id="allocationStartDate"
        >
          <div
            class="govuk-date-input__item"
          >
            <div
              class="govuk-form-group"
            >
              <label
                class="govuk-label govuk-date-input__label"
                for="allocationStartDate-day"
              >
                Day
              </label>
              <input
                class="govuk-input govuk-date-input__input govuk-input--width-2"
                id="allocationStartDate-day"
                inputmode="numeric"
                name="allocationStartDate-day"
                pattern="^\\\\d{2}$"
                value=""
              />
            </div>
          </div>
          <div
            class="govuk-date-input__item"
          >
            <div
              class="govuk-form-group"
            >
              <label
                class="govuk-label govuk-date-input__label"
                for="allocationStartDate-month"
              >
                Month
              </label>
              <input
                class="govuk-input govuk-date-input__input govuk-input--width-2"
                id="allocationStartDate-month"
                inputmode="numeric"
                name="allocationStartDate-month"
                pattern="^\\\\d{2}$"
                value=""
              />
            </div>
          </div>
          <div
            class="govuk-date-input__item"
          >
            <div
              class="govuk-form-group"
            >
              <label
                class="govuk-label govuk-date-input__label"
                for="allocationStartDate-year"
              >
                Year
              </label>
              <input
                class="govuk-input govuk-date-input__input govuk-input--width-4"
                id="allocationStartDate-year"
                inputmode="numeric"
                name="allocationStartDate-year"
                pattern="^\\\\d{4}$"
                value=""
              />
            </div>
          </div>
        </div>
      </fieldset>
    </div>
    <button
      class="govuk-button"
      data-module="govuk-button"
      type="submit"
    >
      Allocate worker
    </button>
  </form>
</DocumentFragment>
`;
