// Jest Snapshot v1, https://goo.gl/fbAQLP

exports[`AddAllocatedWorker should render properly 1`] = `
<DocumentFragment>
  <form
    role="form"
  >
    <div
      class="govuk-form-group govuk-grid-column-undefined"
    >
      <label
        class="govuk-label govuk-label--m"
        for="teamId"
      >
        Select a team to view workers for that team 
      </label>
      <div
        aria-expanded="true"
        aria-haspopup="listbox"
        aria-labelledby="downshift-0-label"
        aria-owns="downshift-0-menu"
        class="inputContainer"
        role="combobox"
      >
        <input
          aria-autocomplete="list"
          aria-controls="downshift-0-menu"
          aria-labelledby="downshift-0-label"
          autocomplete="off"
          class="govuk-input govuk-input--width-20"
          data-testid="teamId"
          id="teamId"
          name="teamId.autocomplete"
          placeholder="Select or type team name"
          style="border-color: #000;"
          value=""
        />
      </div>
      <ul
        aria-labelledby="downshift-0-label"
        class="suggestionList"
        id="downshift-0-menu"
        role="listbox"
        style="border-bottom: 1px solid #aaa;"
      >
        <li
          aria-selected="false"
          class="suggestion"
          data-testid="teamId_0"
          id="downshift-0-item-0"
          role="option"
          style="color: rgb(0, 0, 0); background-color: rgb(255, 255, 255); font-weight: normal;"
        >
          Team 1
        </li>
        <li
          aria-selected="false"
          class="suggestion"
          data-testid="teamId_1"
          id="downshift-0-item-1"
          role="option"
          style="color: rgb(0, 0, 0); background-color: rgb(255, 255, 255); font-weight: normal;"
        >
          Team 2
        </li>
        <li
          aria-selected="false"
          class="suggestion"
          data-testid="teamId_2"
          id="downshift-0-item-2"
          role="option"
          style="color: rgb(0, 0, 0); background-color: rgb(255, 255, 255); font-weight: normal;"
        >
          Team 3
        </li>
      </ul>
    </div>
    <h2>
      Team 3 workers
    </h2>
    <p
      class="govuk-body"
    >
      Select a worker to allocate a case to them. You can view more about a workerâ€™s current allocated cases by selecting their name.
    </p>
    <table
      class="govuk-table"
    >
      <thead
        class="govuk-table__head"
      >
        <tr
          class="govuk-table__row"
        >
          <th
            class="govuk-table__header"
            scope="col"
            style="width: 4rem;"
          >
            Select
          </th>
          <th
            class="govuk-table__header"
            scope="col"
          >
            Name
          </th>
          <th
            class="govuk-table__header govuk-table__header--numeric"
            scope="col"
          >
            Total Cases
          </th>
        </tr>
      </thead>
      <tbody
        class="govuk-table__body"
      >
        <tr
          class="govuk-table__row govuk-radios"
        >
          <td
            class="govuk-table__cell"
          >
            <div
              class="govuk-radios__item"
            >
              <input
                aria-labelledby="worker_a"
                class="govuk-radios__input"
                name="workerId"
                type="radio"
                value="a"
              />
              <label
                class="govuk-label govuk-radios__label"
              />
            </div>
          </td>
          <td
            class="govuk-table__cell lbh-table__cell--va-middle"
          >
            <a
              class="govuk-link"
              href="/workers/a"
              id="worker_a"
            >
              Worker A
            </a>
          </td>
          <td
            class="govuk-table__cell govuk-table__cell--numeric"
          >
            3
          </td>
        </tr>
        <tr
          class="govuk-table__row govuk-radios"
        >
          <td
            class="govuk-table__cell"
          >
            <div
              class="govuk-radios__item"
            >
              <input
                aria-labelledby="worker_b"
                class="govuk-radios__input"
                name="workerId"
                type="radio"
                value="b"
              />
              <label
                class="govuk-label govuk-radios__label"
              />
            </div>
          </td>
          <td
            class="govuk-table__cell lbh-table__cell--va-middle"
          >
            <a
              class="govuk-link"
              href="/workers/b"
              id="worker_b"
            >
              Worker B
            </a>
          </td>
          <td
            class="govuk-table__cell govuk-table__cell--numeric"
          />
        </tr>
        <tr
          class="govuk-table__row govuk-radios"
        >
          <td
            class="govuk-table__cell"
          >
            <div
              class="govuk-radios__item"
            >
              <input
                aria-labelledby="worker_c"
                class="govuk-radios__input"
                name="workerId"
                type="radio"
                value="c"
              />
              <label
                class="govuk-label govuk-radios__label"
              />
            </div>
          </td>
          <td
            class="govuk-table__cell lbh-table__cell--va-middle"
          >
            <a
              class="govuk-link"
              href="/workers/c"
              id="worker_c"
            >
              Worker C
            </a>
          </td>
          <td
            class="govuk-table__cell govuk-table__cell--numeric"
          />
        </tr>
      </tbody>
    </table>
    <button
      class="govuk-button"
      data-module="govuk-button"
      type="submit"
    >
      Allocate worker
    </button>
  </form>
</DocumentFragment>
`;
