// Jest Snapshot v1, https://goo.gl/fbAQLP

exports[`SummaryList component should render properly 1`] = `
<DocumentFragment>
  <dl
    class="govuk-summary-list"
  >
    <div
      class="govuk-summary-list__row"
    >
      <dt
        class="govuk-summary-list__key"
      >
        Foo
      </dt>
      <dd
        class="govuk-summary-list__value"
      >
        f_o_o
      </dd>
    </div>
    <div
      class="govuk-summary-list__row"
    >
      <dt
        class="govuk-summary-list__key"
      >
        Bar
      </dt>
      <dd
        class="govuk-summary-list__value"
      >
        f_o_o
      </dd>
      <dd
        class="govuk-summary-list__actions"
      >
        <a
          class="govuk-link"
          href="#"
        >
          Change
          <span
            class="govuk-visually-hidden"
          >
             Bar
          </span>
        </a>
      </dd>
    </div>
    <div
      class="govuk-summary-list__row"
    >
      <dt
        class="govuk-summary-list__key"
      >
        FooBar
      </dt>
      <dd
        class="govuk-summary-list__value"
      >
        <div
          class="outer"
        >
          <p
            data-testid="para"
          >
            asd
          </p>
          <p
            data-testid="para"
          >
            asd
          </p>
          <p
            data-testid="para"
          >
            asd
          </p>
        </div>
      </dd>
    </div>
  </dl>
</DocumentFragment>
`;
