// Jest Snapshot v1, https://goo.gl/fbAQLP

exports[`AddForm component should render children forms 1`] = `
<DocumentFragment>
  <div
    class="govuk-form-group"
  >
    <div
      aria-expanded="true"
      aria-haspopup="listbox"
      aria-labelledby="downshift-1-label"
      aria-owns="downshift-1-menu"
      class="govuk-form-group lbh-form-group"
      role="combobox"
    >
      <label
        class="govuk-label lbh-label--m"
        id="downshift-1-label"
      >
        Choose a form 
      </label>
      <div
        class="inputContainer"
      >
        <input
          aria-autocomplete="list"
          aria-controls="downshift-1-menu"
          aria-labelledby="downshift-1-label"
          autocomplete="off"
          class="govuk-input lbh-input govuk-input--width-20 "
          data-testid="formList"
          id="formList"
          placeholder="Select or type form name"
          value=""
        />
        <button
          aria-haspopup="true"
          aria-label="toggle menu"
          class="button"
          data-toggle="true"
          role="button"
          type="button"
        >
          <svg
            fill="none"
            height="10"
            viewBox="0 0 17 10"
            width="17"
          >
            <path
              d="M2 1.5L8.5 7.5L15 1.5"
              stroke="#0B0C0C"
              stroke-width="3"
            />
          </svg>
        </button>
      </div>
      <ul
        aria-labelledby="downshift-1-label"
        class="suggestionList"
        id="downshift-1-menu"
        role="listbox"
        style="border-bottom: 1px solid #aaa;"
      >
        <li
          aria-selected="false"
          class="suggestion"
          data-testid="formList_0"
          id="downshift-1-item-0"
          role="option"
          style="color: rgb(0, 0, 0); background-color: rgb(255, 255, 255);"
        >
          Bar - Child
        </li>
        <li
          aria-selected="false"
          class="suggestion"
          data-testid="formList_1"
          id="downshift-1-item-1"
          role="option"
          style="color: rgb(0, 0, 0); background-color: rgb(255, 255, 255);"
        >
          Foo - Child
        </li>
      </ul>
    </div>
  </div>
  <button
    class="govuk-button"
    data-module="govuk-button"
  >
    Load form
  </button>
</DocumentFragment>
`;
