// Jest Snapshot v1, https://goo.gl/fbAQLP

exports[`WarningNoteRecap should render correctly 1`] = `
<DocumentFragment>
  <div
    class="govuk-!-margin-bottom-7"
  >
    <div
      class="lbh-table-header"
    >
      <h3
        class="lbh-heading-h2 section-heading"
      >
        Warning details
      </h3>
    </div>
    <dl
      class="govuk-summary-list  lbh-summary-list"
    >
      <div
        class="govuk-summary-list__row"
      >
        <dt
          class="govuk-summary-list__key"
        >
          Select warning type
        </dt>
        <dd
          class="govuk-summary-list__value"
        >
          Risk to Adults
        </dd>
      </div>
      <div
        class="govuk-summary-list__row"
      >
        <dt
          class="govuk-summary-list__key"
        >
          Start date
        </dt>
        <dd
          class="govuk-summary-list__value"
        >
          22/12/2020
        </dd>
      </div>
      <div
        class="govuk-summary-list__row"
      >
        <dt
          class="govuk-summary-list__key"
        >
          Review / end date
        </dt>
        <dd
          class="govuk-summary-list__value"
        >
          31/12/2020
        </dd>
      </div>
      <div
        class="govuk-summary-list__row"
      >
        <dt
          class="govuk-summary-list__key"
        >
          Is the individual aware of the Warning Note and Review Date?
        </dt>
        <dd
          class="govuk-summary-list__value"
        >
          Yes
        </dd>
      </div>
      <div
        class="govuk-summary-list__row"
      >
        <dt
          class="govuk-summary-list__key"
        >
          Date informed
        </dt>
        <dd
          class="govuk-summary-list__value"
        >
          12/12/2020
        </dd>
      </div>
      <div
        class="govuk-summary-list__row"
      >
        <dt
          class="govuk-summary-list__key"
        >
          How informed
        </dt>
        <dd
          class="govuk-summary-list__value"
        >
          written
        </dd>
      </div>
      <div
        class="govuk-summary-list__row"
      >
        <dt
          class="govuk-summary-list__key"
        >
          Details of disclosure to individual
        </dt>
        <dd
          class="govuk-summary-list__value"
        >
          <div>
            <div
              class="container"
              style="max-height: 95px;"
            >
              <div>
                <pre
                  class="formattedTextArea"
                >
                  lorem ipsum
                </pre>
              </div>
            </div>
          </div>
        </dd>
      </div>
      <div
        class="govuk-summary-list__row"
      >
        <dt
          class="govuk-summary-list__key"
        >
          Warning narrative and risks notes
        </dt>
        <dd
          class="govuk-summary-list__value"
        >
          <div>
            <div
              class="container"
              style="max-height: 95px;"
            >
              <div>
                <pre
                  class="formattedTextArea"
                >
                  i am a note
                </pre>
              </div>
            </div>
          </div>
        </dd>
      </div>
      <div
        class="govuk-summary-list__row"
      >
        <dt
          class="govuk-summary-list__key"
        >
          Managerâ€™s name
        </dt>
        <dd
          class="govuk-summary-list__value"
        >
          the big boss
        </dd>
      </div>
      <div
        class="govuk-summary-list__row"
      >
        <dt
          class="govuk-summary-list__key"
        >
          Date discussed with manager
        </dt>
        <dd
          class="govuk-summary-list__value"
        >
          12/12/2020
        </dd>
      </div>
    </dl>
  </div>
</DocumentFragment>
`;
