// Jest Snapshot v1, https://goo.gl/fbAQLP

exports[`Modal should render properly 1`] = `
<DocumentFragment>
  <div
    class="modal"
  >
    <button
      class="closeButton"
    >
      X
    </button>
    <div>
      <p>
        I am the content!
      </p>
    </div>
  </div>
</DocumentFragment>
`;
